â–¿ Images
  - screen.png
  - Frame.png
- document.json
