â–¿ Images
  - NewImage
  - Frame2.png
  - Frame.png
- document.json
