▿ Frame
  - controls.json
  - screen.png
  - info.json
▿ QuickView
  - Preview.png
