â–¿ QuickView
  - Preview.png
- controls.json
- screen.png
