▿ 2 elements
  ▿ VoiceOverContainer
    - Label: "Container"
    - Frame: "5, 55, 100, 50"
    ▿ Elements: 2 elements
      ▿ VoiceOverElement
        - Label: "Label 1"
        - Frame: "0, 0, 0, 0"
        - FrameInContainerSpace: "0, 0, 25, 25"
      ▿ VoiceOverElement
        - Label: "Label 2"
        - Frame: "0, 0, 0, 0"
        - FrameInContainerSpace: "30, 0, 25, 25"
  ▿ VoiceOverElement
    - Label: "Label 3"
    - Frame: "0, 0, 0, 0"
    - FrameInContainerSpace: "10, 70, 180, 50"
